============================= test session starts =============================
platform win32 -- Python 3.12.0, pytest-9.0.3, pluggy-1.6.0 -- C:\Users\Rambhupal\PycharmProjects\srisailam-pilgrim-bot\.venv\Scripts\python.exe
cachedir: .pytest_cache
rootdir: C:\Users\Rambhupal\PycharmProjects\srisailam-pilgrim-bot
configfile: pytest.ini
plugins: anyio-4.13.0, langsmith-0.7.23, asyncio-1.3.0, cov-7.1.0
asyncio: mode=Mode.STRICT, debug=False, asyncio_default_fixture_loop_scope=None, asyncio_default_test_loop_scope=function
collecting ... collected 105 items

tests/test_real_scenarios.py::TestIntentClassification::test_intent[Hi-greeting] PASSED [  0%]
tests/test_real_scenarios.py::TestIntentClassification::test_intent[Hello-greeting] PASSED [  1%]
tests/test_real_scenarios.py::TestIntentClassification::test_intent[\u0c28\u0c2e\u0c38\u0c4d\u0c15\u0c3e\u0c30\u0c02-greeting] PASSED [  2%]
tests/test_real_scenarios.py::TestIntentClassification::test_intent[\u0928\u092e\u0938\u094d\u0924\u0947-greeting] PASSED [  3%]
tests/test_real_scenarios.py::TestIntentClassification::test_intent[Jai Mallikarjuna-greeting] PASSED [  4%]
tests/test_real_scenarios.py::TestIntentClassification::test_intent[Om Namah Shivaya-greeting] PASSED [  5%]
tests/test_real_scenarios.py::TestIntentClassification::test_intent[\u0c39\u0c30 \u0c39\u0c30 \u0c2e\u0c39\u0c3e\u0c26\u0c47\u0c35\u0c4d-greeting] PASSED [  6%]
tests/test_real_scenarios.py::TestIntentClassification::test_intent[What are the temple timings?-temple_info] PASSED [  7%]
tests/test_real_scenarios.py::TestIntentClassification::test_intent[What time does Srisailam temple open?-temple_info] PASSED [  8%]
tests/test_real_scenarios.py::TestIntentClassification::test_intent[What time does temple close?-temple_info] PASSED [  9%]
tests/test_real_scenarios.py::TestIntentClassification::test_intent[Temple opening hours-temple_info] PASSED [ 10%]
tests/test_real_scenarios.py::TestIntentClassification::test_intent[Morning darshan timings-temple_info] PASSED [ 11%]
tests/test_real_scenarios.py::TestIntentClassification::test_intent[Evening darshan timings-temple_info] PASSED [ 12%]
tests/test_real_scenarios.py::TestIntentClassification::test_intent[Is temple open on Monday?-temple_info] PASSED [ 13%]
tests/test_real_scenarios.py::TestIntentClassification::test_intent[\u0c17\u0c41\u0c21\u0c3f \u0c38\u0c2e\u0c2f\u0c3e\u0c32\u0c41 \u0c0f\u0c2e\u0c3f\u0c1f\u0c3f?-temple_info] PASSED [ 14%]
tests/test_real_scenarios.py::TestIntentClassification::test_intent[\u0c06\u0c32\u0c2f\u0c02 \u0c0f \u0c38\u0c2e\u0c2f\u0c3e\u0c28\u0c3f\u0c15\u0c3f \u0c24\u0c46\u0c30\u0c41\u0c1a\u0c41\u0c15\u0c41\u0c02\u0c1f\u0c41\u0c02\u0c26\u0c3f?-temple_info] PASSED [ 15%]
tests/test_real_scenarios.py::TestIntentClassification::test_intent[\u092e\u0902\u0926\u093f\u0930 \u0915\u093e \u0938\u092e\u092f \u0915\u094d\u092f\u093e \u0939\u0948?-temple_info] PASSED [ 16%]
tests/test_real_scenarios.py::TestIntentClassification::test_intent[\u092e\u0902\u0926\u093f\u0930 \u0915\u092c \u0916\u0941\u0932\u0924\u093e \u0939\u0948?-temple_info] PASSED [ 17%]
tests/test_real_scenarios.py::TestIntentClassification::test_intent[How to reach Srisailam from Hyderabad?-temple_info] PASSED [ 18%]
tests/test_real_scenarios.py::TestIntentClassification::test_intent[How to reach Srisailam Temple?-temple_info] PASSED [ 19%]
tests/test_real_scenarios.py::TestIntentClassification::test_intent[Distance from Hyderabad to Srisailam-temple_info] PASSED [ 20%]
tests/test_real_scenarios.py::TestIntentClassification::test_intent[Bus from Hyderabad to Srisailam-temple_info] PASSED [ 20%]
tests/test_real_scenarios.py::TestIntentClassification::test_intent[Train to Srisailam-temple_info] PASSED [ 21%]
tests/test_real_scenarios.py::TestIntentClassification::test_intent[Nearest railway station to Srisailam-temple_info] PASSED [ 22%]
tests/test_real_scenarios.py::TestIntentClassification::test_intent[How to reach Srisailam from Bangalore?-temple_info] PASSED [ 23%]
tests/test_real_scenarios.py::TestIntentClassification::test_intent[Is Nallamala forest road safe at night?-temple_info] PASSED [ 24%]
tests/test_real_scenarios.py::TestIntentClassification::test_intent[\u0c39\u0c48\u0c26\u0c30\u0c3e\u0c2c\u0c3e\u0c26\u0c4d \u0c28\u0c41\u0c02\u0c21\u0c3f \u0c36\u0c4d\u0c30\u0c40\u0c36\u0c48\u0c32\u0c02 \u0c0e\u0c32\u0c3e \u0c35\u0c46\u0c33\u0c4d\u0c33\u0c3e\u0c32\u0c3f?-temple_info] PASSED [ 25%]
tests/test_real_scenarios.py::TestIntentClassification::test_intent[\u0939\u0948\u0926\u0930\u093e\u092c\u093e\u0926 \u0938\u0947 \u0936\u094d\u0930\u0940\u0936\u0948\u0932\u092e \u0915\u0948\u0938\u0947 \u092a\u0939\u0941\u0902\u091a\u0947?-temple_info] PASSED [ 26%]
tests/test_real_scenarios.py::TestIntentClassification::test_intent[How to book darshan tickets?-booking] PASSED [ 27%]
tests/test_real_scenarios.py::TestIntentClassification::test_intent[Online booking for Srisailam darshan-booking] PASSED [ 28%]
tests/test_real_scenarios.py::TestIntentClassification::test_intent[Sparsha Darshan booking-booking] PASSED [ 29%]
tests/test_real_scenarios.py::TestIntentClassification::test_intent[How to book Rudrabhishekam?-booking] PASSED [ 30%]
tests/test_real_scenarios.py::TestIntentClassification::test_intent[Mana Mitra WhatsApp booking-booking] PASSED [ 31%]
tests/test_real_scenarios.py::TestIntentClassification::test_intent[Can I book darshan same day?-booking] PASSED [ 32%]
tests/test_real_scenarios.py::TestIntentClassification::test_intent[\u0c26\u0c30\u0c4d\u0c36\u0c28\u0c02 \u0c1f\u0c3f\u0c15\u0c46\u0c1f\u0c4d \u0c0e\u0c32\u0c3e \u0c2c\u0c41\u0c15\u0c4d \u0c1a\u0c47\u0c2f\u0c3e\u0c32\u0c3f?-booking] PASSED [ 33%]
tests/test_real_scenarios.py::TestIntentClassification::test_intent[\u0926\u0930\u094d\u0936\u0928 \u091f\u093f\u0915\u091f \u0915\u0948\u0938\u0947 \u092c\u0941\u0915 \u0915\u0930\u0947\u0902?-booking] PASSED [ 34%]
tests/test_real_scenarios.py::TestIntentClassification::test_intent[Which seva should I do?-ritual] PASSED [ 35%]
tests/test_real_scenarios.py::TestIntentClassification::test_intent[What sevas are available at Srisailam?-ritual] PASSED [ 36%]
tests/test_real_scenarios.py::TestIntentClassification::test_intent[Which seva for good health?-ritual] PASSED [ 37%]
tests/test_real_scenarios.py::TestIntentClassification::test_intent[Which puja for prosperity?-ritual] PASSED [ 38%]
tests/test_real_scenarios.py::TestIntentClassification::test_intent[Which seva for marriage?-ritual] PASSED [ 39%]
tests/test_real_scenarios.py::TestIntentClassification::test_intent[Which seva for children?-ritual] PASSED [ 40%]
tests/test_real_scenarios.py::TestIntentClassification::test_intent[What is Rudrabhishekam?-ritual] PASSED [ 40%]
tests/test_real_scenarios.py::TestIntentClassification::test_intent[What is Kumkumarchana?-ritual] PASSED [ 41%]
tests/test_real_scenarios.py::TestIntentClassification::test_intent[What is Kalyanotsavam?-ritual] PASSED [ 42%]
tests/test_real_scenarios.py::TestIntentClassification::test_intent[What is Suprabhata Seva?-ritual] PASSED [ 43%]
tests/test_real_scenarios.py::TestIntentClassification::test_intent[\u0c0f \u0c38\u0c47\u0c35 \u0c1a\u0c47\u0c2f\u0c3e\u0c32\u0c3f \u0c05\u0c2e\u0c4d\u0c2e \u0c06\u0c30\u0c4b\u0c17\u0c4d\u0c2f\u0c02 \u0c15\u0c4b\u0c38\u0c02?-ritual] PASSED [ 44%]
tests/test_real_scenarios.py::TestIntentClassification::test_intent[\u0938\u094d\u0935\u093e\u0938\u094d\u0925\u094d\u092f \u0915\u0947 \u0932\u093f\u090f \u0915\u094c\u0928 \u0938\u0940 \u0938\u0947\u0935\u093e \u0915\u0930\u0947\u0902?-ritual] PASSED [ 45%]
tests/test_real_scenarios.py::TestIntentClassification::test_intent[Coming from Hyderabad, 2 days, family of 4-journey] PASSED [ 46%]
tests/test_real_scenarios.py::TestIntentClassification::test_intent[3 days trip from Bangalore to Srisailam-journey] PASSED [ 47%]
tests/test_real_scenarios.py::TestIntentClassification::test_intent[Weekend trip to Srisailam from Hyderabad-journey] PASSED [ 48%]
tests/test_real_scenarios.py::TestIntentClassification::test_intent[Srisailam trip with elderly parents-journey] PASSED [ 49%]
tests/test_real_scenarios.py::TestIntentClassification::test_intent[Family trip with 2 year old child-journey] PASSED [ 50%]
tests/test_real_scenarios.py::TestIntentClassification::test_intent[Solo pilgrimage to Srisailam-journey] PASSED [ 51%]
tests/test_real_scenarios.py::TestIntentClassification::test_intent[2 day trip from Chennai family of 5-journey] PASSED [ 52%]
tests/test_real_scenarios.py::TestIntentClassification::test_intent[\u0c36\u0c4d\u0c30\u0c40\u0c36\u0c48\u0c32\u0c02 \u0c35\u0c46\u0c33\u0c4d\u0c33\u0c3e\u0c32\u0c28\u0c41\u0c15\u0c41\u0c02\u0c1f\u0c41\u0c28\u0c4d\u0c28\u0c3e\u0c28\u0c41 2 \u0c30\u0c4b\u0c1c\u0c41\u0c32\u0c41-journey] PASSED [ 53%]
tests/test_real_scenarios.py::TestIntentClassification::test_intent[\u0936\u094d\u0930\u0940\u0936\u0948\u0932\u092e \u091c\u093e\u0928\u093e \u0939\u0948 3 \u0926\u093f\u0928 \u092a\u0930\u093f\u0935\u093e\u0930 \u0915\u0947 \u0938\u093e\u0925-journey] PASSED [ 54%]
tests/test_real_scenarios.py::TestIntentClassification::test_intent[Maha Shivaratri celebrations at Srisailam-festival] PASSED [ 55%]
tests/test_real_scenarios.py::TestIntentClassification::test_intent[What is Karthika Masam?-festival] PASSED [ 56%]
tests/test_real_scenarios.py::TestIntentClassification::test_intent[Pradosha at Srisailam-festival] PASSED [ 57%]
tests/test_real_scenarios.py::TestIntentClassification::test_intent[Is Monday special at Srisailam?-festival] PASSED [ 58%]
tests/test_real_scenarios.py::TestIntentClassification::test_intent[\u0c2e\u0c39\u0c3e \u0c36\u0c3f\u0c35\u0c30\u0c3e\u0c24\u0c4d\u0c30\u0c3f \u0c0e\u0c2a\u0c4d\u0c2a\u0c41\u0c21\u0c41?-festival] PASSED [ 59%]
tests/test_real_scenarios.py::TestIntentClassification::test_intent[\u092e\u0939\u093e \u0936\u093f\u0935\u0930\u093e\u0924\u094d\u0930\u093f \u0915\u092c \u0939\u0948?-festival] PASSED [ 60%]
tests/test_real_scenarios.py::TestIntentClassification::test_intent[Tell me about Om Namah Shivaya mantra-spiritual] PASSED [ 60%]
tests/test_real_scenarios.py::TestIntentClassification::test_intent[What is Mahamrityunjaya mantra?-spiritual] PASSED [ 61%]
tests/test_real_scenarios.py::TestIntentClassification::test_intent[How to prepare for Sparsha Darshan?-spiritual] PASSED [ 62%]
tests/test_real_scenarios.py::TestIntentClassification::test_intent[\u0c13\u0c02 \u0c28\u0c2e\u0c03 \u0c36\u0c3f\u0c35\u0c3e\u0c2f \u0c05\u0c30\u0c4d\u0c25\u0c02 \u0c0f\u0c2e\u0c3f\u0c1f\u0c3f?-spiritual] PASSED [ 63%]
tests/test_real_scenarios.py::TestIntentClassification::test_intent[\u0913\u092e \u0928\u092e\u0903 \u0936\u093f\u0935\u093e\u092f \u0915\u093e \u0905\u0930\u094d\u0925-spiritual] PASSED [ 64%]
tests/test_real_scenarios.py::TestIntentClassification::test_intent[Thank you-closure] PASSED [ 65%]
tests/test_real_scenarios.py::TestIntentClassification::test_intent[Thanks a lot-closure] PASSED [ 66%]
tests/test_real_scenarios.py::TestIntentClassification::test_intent[Bye-closure] PASSED [ 67%]
tests/test_real_scenarios.py::TestIntentClassification::test_intent[Dhanyavadalu-closure] PASSED [ 68%]
tests/test_real_scenarios.py::TestIntentClassification::test_intent[What is the price of petrol?-unknown] PASSED [ 69%]
tests/test_real_scenarios.py::TestIntentClassification::test_intent[Tell me a joke-unknown] PASSED [ 70%]
tests/test_real_scenarios.py::TestIntentClassification::test_intent[Who is the Prime Minister of India?-unknown] PASSED [ 71%]
tests/test_real_scenarios.py::TestFullPipelineScenarios::test_pipeline_response[What time does Srisailam temple open?-must_contain0] 
-------------------------------- live log call --------------------------------
WARNING  uvicorn.error:awp_logger.py:37 [AWP AUDIT] LinguisticExpert | Translation to EN
WARNING  uvicorn.error:awp_logger.py:37 [AWP AUDIT] AnalysisAgent | Intent + Name
WARNING  huggingface_hub.utils._http:_http.py:916 Warning: You are sending unauthenticated requests to the HF Hub. Please set a HF_TOKEN to enable higher rate limits and faster downloads.
WARNING  uvicorn.error:awp_logger.py:37 [AWP AUDIT] InfoAnalyst | Response Generation
WARNING  uvicorn.error:awp_logger.py:65 !!! [AWP SUCCESS] LOG SAVED: C:\Users\Rambhupal\PycharmProjects\srisailam-pilgrim-bot\audit_logs\audit_testrealscenarios.json
PASSED                                                                   [ 72%]
tests/test_real_scenarios.py::TestFullPipelineScenarios::test_pipeline_response[How to reach Srisailam from Hyderabad?-must_contain1] 
-------------------------------- live log call --------------------------------
WARNING  uvicorn.error:awp_logger.py:37 [AWP AUDIT] LinguisticExpert | Translation to EN
WARNING  uvicorn.error:awp_logger.py:37 [AWP AUDIT] AnalysisAgent | Intent + Name
WARNING  uvicorn.error:awp_logger.py:37 [AWP AUDIT] InfoAnalyst | Response Generation
WARNING  uvicorn.error:awp_logger.py:65 !!! [AWP SUCCESS] LOG SAVED: C:\Users\Rambhupal\PycharmProjects\srisailam-pilgrim-bot\audit_logs\audit_testrealscenarios.json
PASSED                                                                   [ 73%]
tests/test_real_scenarios.py::TestFullPipelineScenarios::test_pipeline_response[How to book darshan tickets?-must_contain2] 
-------------------------------- live log call --------------------------------
WARNING  uvicorn.error:awp_logger.py:37 [AWP AUDIT] LinguisticExpert | Translation to EN
WARNING  uvicorn.error:awp_logger.py:37 [AWP AUDIT] AnalysisAgent | Intent + Name
WARNING  uvicorn.error:awp_logger.py:37 [AWP AUDIT] BookingCoordinator | Response Generation
WARNING  uvicorn.error:awp_logger.py:65 !!! [AWP SUCCESS] LOG SAVED: C:\Users\Rambhupal\PycharmProjects\srisailam-pilgrim-bot\audit_logs\audit_testrealscenarios.json
PASSED                                                                   [ 74%]
tests/test_real_scenarios.py::TestFullPipelineScenarios::test_pipeline_response[Which seva should I do for health?-must_contain3] 
-------------------------------- live log call --------------------------------
WARNING  uvicorn.error:awp_logger.py:37 [AWP AUDIT] LinguisticExpert | Translation to EN
WARNING  uvicorn.error:awp_logger.py:37 [AWP AUDIT] AnalysisAgent | Intent + Name
WARNING  uvicorn.error:awp_logger.py:37 [AWP AUDIT] RitualSpecialist | Response Generation
WARNING  uvicorn.error:awp_logger.py:65 !!! [AWP SUCCESS] LOG SAVED: C:\Users\Rambhupal\PycharmProjects\srisailam-pilgrim-bot\audit_logs\audit_testrealscenarios.json
PASSED                                                                   [ 75%]
tests/test_real_scenarios.py::TestFullPipelineScenarios::test_pipeline_response[Tell me about Rudrabhishekam seva-must_contain4] 
-------------------------------- live log call --------------------------------
WARNING  uvicorn.error:awp_logger.py:37 [AWP AUDIT] LinguisticExpert | Translation to EN
WARNING  uvicorn.error:awp_logger.py:37 [AWP AUDIT] AnalysisAgent | Intent + Name
WARNING  uvicorn.error:awp_logger.py:37 [AWP AUDIT] RitualSpecialist | Response Generation
WARNING  uvicorn.error:awp_logger.py:65 !!! [AWP SUCCESS] LOG SAVED: C:\Users\Rambhupal\PycharmProjects\srisailam-pilgrim-bot\audit_logs\audit_testrealscenarios.json
PASSED                                                                   [ 76%]
tests/test_real_scenarios.py::TestFullPipelineScenarios::test_pipeline_response[What prasadam is available at Srisailam?-must_contain5] 
-------------------------------- live log call --------------------------------
WARNING  uvicorn.error:awp_logger.py:37 [AWP AUDIT] LinguisticExpert | Translation to EN
WARNING  uvicorn.error:awp_logger.py:37 [AWP AUDIT] AnalysisAgent | Intent + Name
WARNING  uvicorn.error:awp_logger.py:37 [AWP AUDIT] InfoAnalyst | Response Generation
WARNING  uvicorn.error:awp_logger.py:65 !!! [AWP SUCCESS] LOG SAVED: C:\Users\Rambhupal\PycharmProjects\srisailam-pilgrim-bot\audit_logs\audit_testrealscenarios.json
PASSED                                                                   [ 77%]
tests/test_real_scenarios.py::TestFullPipelineScenarios::test_pipeline_response[Where to stay in Srisailam?-must_contain6] 
-------------------------------- live log call --------------------------------
WARNING  uvicorn.error:awp_logger.py:37 [AWP AUDIT] LinguisticExpert | Translation to EN
WARNING  uvicorn.error:awp_logger.py:37 [AWP AUDIT] AnalysisAgent | Intent + Name
WARNING  uvicorn.error:awp_logger.py:37 [AWP AUDIT] InfoAnalyst | Response Generation
WARNING  uvicorn.error:awp_logger.py:65 !!! [AWP SUCCESS] LOG SAVED: C:\Users\Rambhupal\PycharmProjects\srisailam-pilgrim-bot\audit_logs\audit_testrealscenarios.json
PASSED                                                                   [ 78%]
tests/test_real_scenarios.py::TestFullPipelineScenarios::test_pipeline_response[Is cash required at Srisailam?-must_contain7] 
-------------------------------- live log call --------------------------------
WARNING  uvicorn.error:awp_logger.py:37 [AWP AUDIT] LinguisticExpert | Translation to EN
WARNING  uvicorn.error:awp_logger.py:37 [AWP AUDIT] AnalysisAgent | Intent + Name
WARNING  uvicorn.error:awp_logger.py:37 [AWP AUDIT] InfoAnalyst | Response Generation
WARNING  uvicorn.error:awp_logger.py:65 !!! [AWP SUCCESS] LOG SAVED: C:\Users\Rambhupal\PycharmProjects\srisailam-pilgrim-bot\audit_logs\audit_testrealscenarios.json
PASSED                                                                   [ 79%]
tests/test_real_scenarios.py::TestFullPipelineScenarios::test_pipeline_response[What to wear to Srisailam temple?-must_contain8] 
-------------------------------- live log call --------------------------------
WARNING  uvicorn.error:awp_logger.py:37 [AWP AUDIT] LinguisticExpert | Translation to EN
WARNING  uvicorn.error:awp_logger.py:37 [AWP AUDIT] AnalysisAgent | Intent + Name
WARNING  uvicorn.error:awp_logger.py:37 [AWP AUDIT] InfoAnalyst | Response Generation
WARNING  uvicorn.error:awp_logger.py:65 !!! [AWP SUCCESS] LOG SAVED: C:\Users\Rambhupal\PycharmProjects\srisailam-pilgrim-bot\audit_logs\audit_testrealscenarios.json
PASSED                                                                   [ 80%]
tests/test_real_scenarios.py::TestFullPipelineScenarios::test_pipeline_response[Are there ATMs near Srisailam temple?-must_contain9] 
-------------------------------- live log call --------------------------------
WARNING  uvicorn.error:awp_logger.py:37 [AWP AUDIT] LinguisticExpert | Translation to EN
WARNING  uvicorn.error:awp_logger.py:37 [AWP AUDIT] AnalysisAgent | Intent + Name
WARNING  uvicorn.error:awp_logger.py:37 [AWP AUDIT] InfoAnalyst | Response Generation
WARNING  uvicorn.error:awp_logger.py:65 !!! [AWP SUCCESS] LOG SAVED: C:\Users\Rambhupal\PycharmProjects\srisailam-pilgrim-bot\audit_logs\audit_testrealscenarios.json
PASSED                                                                   [ 80%]
tests/test_real_scenarios.py::TestFullPipelineScenarios::test_pipeline_response[How to avoid crowds at Srisailam?-must_contain10] 
-------------------------------- live log call --------------------------------
WARNING  uvicorn.error:awp_logger.py:37 [AWP AUDIT] LinguisticExpert | Translation to EN
WARNING  uvicorn.error:awp_logger.py:37 [AWP AUDIT] AnalysisAgent | Intent + Name
WARNING  uvicorn.error:awp_logger.py:37 [AWP AUDIT] InfoAnalyst | Response Generation
WARNING  uvicorn.error:awp_logger.py:65 !!! [AWP SUCCESS] LOG SAVED: C:\Users\Rambhupal\PycharmProjects\srisailam-pilgrim-bot\audit_logs\audit_testrealscenarios.json
PASSED                                                                   [ 81%]
tests/test_real_scenarios.py::TestFullPipelineScenarios::test_pipeline_response[Free darshan at Srisailam temple-must_contain11] 
-------------------------------- live log call --------------------------------
WARNING  uvicorn.error:awp_logger.py:37 [AWP AUDIT] LinguisticExpert | Translation to EN
WARNING  uvicorn.error:awp_logger.py:37 [AWP AUDIT] AnalysisAgent | Intent + Name
WARNING  uvicorn.error:awp_logger.py:37 [AWP AUDIT] InfoAnalyst | Response Generation
WARNING  uvicorn.error:awp_logger.py:65 !!! [AWP SUCCESS] LOG SAVED: C:\Users\Rambhupal\PycharmProjects\srisailam-pilgrim-bot\audit_logs\audit_testrealscenarios.json
PASSED                                                                   [ 82%]
tests/test_real_scenarios.py::TestFullPipelineScenarios::test_pipeline_response[What is Sparsha Darshan at Srisailam?-must_contain12] 
-------------------------------- live log call --------------------------------
WARNING  uvicorn.error:awp_logger.py:37 [AWP AUDIT] LinguisticExpert | Translation to EN
WARNING  uvicorn.error:awp_logger.py:37 [AWP AUDIT] AnalysisAgent | Intent + Name
WARNING  uvicorn.error:awp_logger.py:37 [AWP AUDIT] InfoAnalyst | Response Generation
WARNING  uvicorn.error:awp_logger.py:65 !!! [AWP SUCCESS] LOG SAVED: C:\Users\Rambhupal\PycharmProjects\srisailam-pilgrim-bot\audit_logs\audit_testrealscenarios.json
PASSED                                                                   [ 83%]
tests/test_real_scenarios.py::TestFullPipelineScenarios::test_pipeline_response[When is Maha Shivaratri celebration?-must_contain13] 
-------------------------------- live log call --------------------------------
WARNING  uvicorn.error:awp_logger.py:37 [AWP AUDIT] LinguisticExpert | Translation to EN
WARNING  uvicorn.error:awp_logger.py:37 [AWP AUDIT] AnalysisAgent | Intent + Name
WARNING  uvicorn.error:awp_logger.py:37 [AWP AUDIT] InfoAnalyst | Response Generation
WARNING  uvicorn.error:awp_logger.py:65 !!! [AWP SUCCESS] LOG SAVED: C:\Users\Rambhupal\PycharmProjects\srisailam-pilgrim-bot\audit_logs\audit_testrealscenarios.json
PASSED                                                                   [ 84%]
tests/test_real_scenarios.py::TestFullPipelineScenarios::test_pipeline_response[Nearest railway station to Srisailam temple-must_contain14] 
-------------------------------- live log call --------------------------------
WARNING  uvicorn.error:awp_logger.py:37 [AWP AUDIT] LinguisticExpert | Translation to EN
WARNING  uvicorn.error:awp_logger.py:37 [AWP AUDIT] AnalysisAgent | Intent + Name
WARNING  uvicorn.error:awp_logger.py:37 [AWP AUDIT] InfoAnalyst | Response Generation
WARNING  uvicorn.error:awp_logger.py:65 !!! [AWP SUCCESS] LOG SAVED: C:\Users\Rambhupal\PycharmProjects\srisailam-pilgrim-bot\audit_logs\audit_testrealscenarios.json
PASSED                                                                   [ 85%]
tests/test_real_scenarios.py::TestFullPipelineScenarios::test_pipeline_response[Is there free food at Srisailam temple?-must_contain15] 
-------------------------------- live log call --------------------------------
WARNING  uvicorn.error:awp_logger.py:37 [AWP AUDIT] LinguisticExpert | Translation to EN
WARNING  uvicorn.error:awp_logger.py:37 [AWP AUDIT] AnalysisAgent | Intent + Name
WARNING  uvicorn.error:awp_logger.py:37 [AWP AUDIT] InfoAnalyst | Response Generation
WARNING  uvicorn.error:awp_logger.py:65 !!! [AWP SUCCESS] LOG SAVED: C:\Users\Rambhupal\PycharmProjects\srisailam-pilgrim-bot\audit_logs\audit_testrealscenarios.json
PASSED                                                                   [ 86%]
tests/test_real_scenarios.py::TestFullPipelineScenarios::test_pipeline_response[What time is Annadanam served?-must_contain16] 
-------------------------------- live log call --------------------------------
WARNING  uvicorn.error:awp_logger.py:37 [AWP AUDIT] LinguisticExpert | Translation to EN
WARNING  uvicorn.error:awp_logger.py:37 [AWP AUDIT] AnalysisAgent | Intent + Name
WARNING  uvicorn.error:awp_logger.py:37 [AWP AUDIT] InfoAnalyst | Response Generation
WARNING  uvicorn.error:awp_logger.py:65 !!! [AWP SUCCESS] LOG SAVED: C:\Users\Rambhupal\PycharmProjects\srisailam-pilgrim-bot\audit_logs\audit_testrealscenarios.json
PASSED                                                                   [ 87%]
tests/test_real_scenarios.py::TestFullPipelineScenarios::test_pipeline_response[Can mobile phones go inside Srisailam temple?-must_contain17] 
-------------------------------- live log call --------------------------------
WARNING  uvicorn.error:awp_logger.py:37 [AWP AUDIT] LinguisticExpert | Translation to EN
WARNING  uvicorn.error:awp_logger.py:37 [AWP AUDIT] AnalysisAgent | Intent + Name
ERROR    app.rag.qa_chain:qa_chain.py:63 \u274c QA error: Error code: 429 - {'error': {'message': 'Rate limit reached for model `llama-3.1-8b-instant` in organization `org_01kn1r44pmfajacvcesz1tbemw` service tier `on_demand` on tokens per day (TPD): Limit 500000, Used 499980, Requested 776. Please try again in 2m10.6368s. Need more tokens? Upgrade to Dev Tier today at https://console.groq.com/settings/billing', 'type': 'tokens', 'code': 'rate_limit_exceeded'}}\nWARNING  uvicorn.error:awp_logger.py:37 [AWP AUDIT] InfoAnalyst | Response Generation
WARNING  uvicorn.error:awp_logger.py:65 !!! [AWP SUCCESS] LOG SAVED: C:\Users\Rambhupal\PycharmProjects\srisailam-pilgrim-bot\audit_logs\audit_testrealscenarios.json
FAILED                                                                   [ 88%]
tests/test_real_scenarios.py::TestFullPipelineScenarios::test_pipeline_response[What documents needed for Srisailam darshan?-must_contain18] 
-------------------------------- live log call --------------------------------
WARNING  uvicorn.error:awp_logger.py:37 [AWP AUDIT] LinguisticExpert | Translation to EN
WARNING  uvicorn.error:awp_logger.py:37 [AWP AUDIT] AnalysisAgent | Intent + Name
ERROR    app.rag.qa_chain:qa_chain.py:63 \u274c QA error: Error code: 429 - {'error': {'message': 'Rate limit reached for model `llama-3.1-8b-instant` in organization `org_01kn1r44pmfajacvcesz1tbemw` service tier `on_demand` on tokens per day (TPD): Limit 500000, Used 499982, Requested 595. Please try again in 1m39.7056s. Need more tokens? Upgrade to Dev Tier today at https://console.groq.com/settings/billing', 'type': 'tokens', 'code': 'rate_limit_exceeded'}}\nWARNING  uvicorn.error:awp_logger.py:37 [AWP AUDIT] InfoAnalyst | Response Generation
WARNING  uvicorn.error:awp_logger.py:65 !!! [AWP SUCCESS] LOG SAVED: C:\Users\Rambhupal\PycharmProjects\srisailam-pilgrim-bot\audit_logs\audit_testrealscenarios.json
FAILED                                                                   [ 89%]
tests/test_real_scenarios.py::TestFullPipelineScenarios::test_pipeline_response[What is the significance of Srisailam temple?-must_contain19] 
-------------------------------- live log call --------------------------------
WARNING  uvicorn.error:awp_logger.py:37 [AWP AUDIT] LinguisticExpert | Translation to EN
WARNING  uvicorn.error:awp_logger.py:37 [AWP AUDIT] AnalysisAgent | Intent + Name
ERROR    app.rag.qa_chain:qa_chain.py:63 \u274c QA error: Error code: 429 - {'error': {'message': 'Rate limit reached for model `llama-3.1-8b-instant` in organization `org_01kn1r44pmfajacvcesz1tbemw` service tier `on_demand` on tokens per day (TPD): Limit 500000, Used 499981, Requested 680. Please try again in 1m54.2208s. Need more tokens? Upgrade to Dev Tier today at https://console.groq.com/settings/billing', 'type': 'tokens', 'code': 'rate_limit_exceeded'}}\nWARNING  uvicorn.error:awp_logger.py:37 [AWP AUDIT] InfoAnalyst | Response Generation
WARNING  uvicorn.error:awp_logger.py:65 !!! [AWP SUCCESS] LOG SAVED: C:\Users\Rambhupal\PycharmProjects\srisailam-pilgrim-bot\audit_logs\audit_testrealscenarios.json
FAILED                                                                   [ 90%]
tests/test_real_scenarios.py::TestFullPipelineScenarios::test_response_not_empty 
-------------------------------- live log call --------------------------------
WARNING  uvicorn.error:awp_logger.py:37 [AWP AUDIT] LinguisticExpert | Translation to EN
WARNING  uvicorn.error:awp_logger.py:37 [AWP AUDIT] AnalysisAgent | Intent + Name
WARNING  uvicorn.error:awp_logger.py:37 [AWP AUDIT] GreetingAgent | Response Generation
WARNING  uvicorn.error:awp_logger.py:65 !!! [AWP SUCCESS] LOG SAVED: C:\Users\Rambhupal\PycharmProjects\srisailam-pilgrim-bot\audit_logs\audit_testemptycheck.json
PASSED                                                                   [ 91%]
tests/test_real_scenarios.py::TestFullPipelineScenarios::test_response_within_whatsapp_limit 
-------------------------------- live log call --------------------------------
WARNING  uvicorn.error:awp_logger.py:37 [AWP AUDIT] LinguisticExpert | Translation to EN
WARNING  uvicorn.error:awp_logger.py:37 [AWP AUDIT] AnalysisAgent | Intent + Name
ERROR    app.agents.journey_planner_agent:journey_planner_agent.py:149 \u274c Journey planner error: Error code: 429 - {'error': {'message': 'Rate limit reached for model `llama-3.1-8b-instant` in organization `org_01kn1r44pmfajacvcesz1tbemw` service tier `on_demand` on tokens per day (TPD): Limit 500000, Used 499956, Requested 808. Please try again in 2m12.0192s. Need more tokens? Upgrade to Dev Tier today at https://console.groq.com/settings/billing', 'type': 'tokens', 'code': 'rate_limit_exceeded'}}\nWARNING  uvicorn.error:awp_logger.py:37 [AWP AUDIT] JourneyPlanner | Response Generation
WARNING  uvicorn.error:awp_logger.py:65 !!! [AWP SUCCESS] LOG SAVED: C:\Users\Rambhupal\PycharmProjects\srisailam-pilgrim-bot\audit_logs\audit_testlengthcheck.json
PASSED                                                                   [ 92%]
tests/test_real_scenarios.py::TestFullPipelineScenarios::test_telugu_response 
-------------------------------- live log call --------------------------------
WARNING  uvicorn.error:awp_logger.py:37 [AWP AUDIT] LinguisticExpert | Translation to EN
WARNING  uvicorn.error:awp_logger.py:37 [AWP AUDIT] AnalysisAgent | Intent + Name
ERROR    app.rag.qa_chain:qa_chain.py:63 \u274c QA error: Error code: 429 - {'error': {'message': 'Rate limit reached for model `llama-3.1-8b-instant` in organization `org_01kn1r44pmfajacvcesz1tbemw` service tier `on_demand` on tokens per day (TPD): Limit 500000, Used 499983, Requested 827. Please try again in 2m19.968s. Need more tokens? Upgrade to Dev Tier today at https://console.groq.com/settings/billing', 'type': 'tokens', 'code': 'rate_limit_exceeded'}}\nWARNING  uvicorn.error:awp_logger.py:37 [AWP AUDIT] InfoAnalyst | Response Generation
WARNING  uvicorn.error:awp_logger.py:65 !!! [AWP SUCCESS] LOG SAVED: C:\Users\Rambhupal\PycharmProjects\srisailam-pilgrim-bot\audit_logs\audit_testtelugu.json
PASSED                                                                   [ 93%]
tests/test_real_scenarios.py::TestFullPipelineScenarios::test_hindi_response 
-------------------------------- live log call --------------------------------
WARNING  uvicorn.error:awp_logger.py:37 [AWP AUDIT] LinguisticExpert | Translation to EN
WARNING  uvicorn.error:awp_logger.py:37 [AWP AUDIT] AnalysisAgent | Intent + Name
ERROR    app.rag.qa_chain:qa_chain.py:63 \u274c QA error: Error code: 429 - {'error': {'message': 'Rate limit reached for model `llama-3.1-8b-instant` in organization `org_01kn1r44pmfajacvcesz1tbemw` service tier `on_demand` on tokens per day (TPD): Limit 500000, Used 499980, Requested 809. Please try again in 2m16.3392s. Need more tokens? Upgrade to Dev Tier today at https://console.groq.com/settings/billing', 'type': 'tokens', 'code': 'rate_limit_exceeded'}}\nWARNING  uvicorn.error:awp_logger.py:37 [AWP AUDIT] InfoAnalyst | Response Generation
WARNING  uvicorn.error:awp_logger.py:65 !!! [AWP SUCCESS] LOG SAVED: C:\Users\Rambhupal\PycharmProjects\srisailam-pilgrim-bot\audit_logs\audit_testhindi.json
PASSED                                                                   [ 94%]
tests/test_real_scenarios.py::TestFullPipelineScenarios::test_out_of_scope_politely_redirected 
-------------------------------- live log call --------------------------------
WARNING  uvicorn.error:awp_logger.py:37 [AWP AUDIT] LinguisticExpert | Translation to EN
WARNING  uvicorn.error:awp_logger.py:37 [AWP AUDIT] AnalysisAgent | Intent + Name
WARNING  uvicorn.error:awp_logger.py:37 [AWP AUDIT] System | Response Generation
WARNING  uvicorn.error:awp_logger.py:65 !!! [AWP SUCCESS] LOG SAVED: C:\Users\Rambhupal\PycharmProjects\srisailam-pilgrim-bot\audit_logs\audit_testoos.json
PASSED                                                                   [ 95%]
tests/test_real_scenarios.py::TestFullPipelineScenarios::test_fraud_warning_scenario 
-------------------------------- live log call --------------------------------
WARNING  uvicorn.error:awp_logger.py:37 [AWP AUDIT] LinguisticExpert | Translation to EN
WARNING  uvicorn.error:awp_logger.py:37 [AWP AUDIT] AnalysisAgent | Intent + Name
ERROR    app.rag.qa_chain:qa_chain.py:63 \u274c QA error: Error code: 429 - {'error': {'message': 'Rate limit reached for model `llama-3.1-8b-instant` in organization `org_01kn1r44pmfajacvcesz1tbemw` service tier `on_demand` on tokens per day (TPD): Limit 500000, Used 499977, Requested 680. Please try again in 1m53.5296s. Need more tokens? Upgrade to Dev Tier today at https://console.groq.com/settings/billing', 'type': 'tokens', 'code': 'rate_limit_exceeded'}}\nWARNING  uvicorn.error:awp_logger.py:37 [AWP AUDIT] InfoAnalyst | Response Generation
WARNING  uvicorn.error:awp_logger.py:65 !!! [AWP SUCCESS] LOG SAVED: C:\Users\Rambhupal\PycharmProjects\srisailam-pilgrim-bot\audit_logs\audit_testfraud.json
PASSED                                                                   [ 96%]
tests/test_real_scenarios.py::TestFullPipelineScenarios::test_cash_scenario 
-------------------------------- live log call --------------------------------
WARNING  uvicorn.error:awp_logger.py:37 [AWP AUDIT] LinguisticExpert | Translation to EN
